Starting PDF flow test...
Using User ID: beef138e-0600-4227-9177-d9f6adc3e5fb
Creating document with PDF data length: 24
Document created with ID: 4627d6af-10ed-4aea-9e18-47f2b44ec461
Retrieving document...
SUCCESS: pdfData found, length: 24
SUCCESS: pdfData matches original
Cleaned up test document
